Darey.io

Project 01

Linux commend

1) Sudo command

Result:-
gopinath@gopinath:~$ sudo apt update
[sudo] password for gopinath: 
Hit:1 http://ae.archive.ubuntu.com/ubuntu focal InRelease
Hit:2 http://security.ubuntu.com/ubuntu focal-security InRelease
Hit:3 http://ae.archive.ubuntu.com/ubuntu focal-updates InRelease
Hit:4 http://ae.archive.ubuntu.com/ubuntu focal-backports InRelease
Reading package lists... Done
Building dependency tree       
Reading state information... Done
321 packages can be upgraded. Run 'apt list --upgradable' to see them.

2) Pwd Commend

gopinath@gopinath:~/Linux_command$ pwd
/home/gopinath/Linux_command


3)cd Command

gopinath@gopinath:~/Linux_command$ cd
gopinath@gopinath:~$ 

4)ls Command

gopinath@gopinath:~$ ls
Desktop  Documents  Downloads  Linux_command  Music  Pictures  Public  Templates  Unix_Command  Videos

gopinath@gopinath:~$ ls /home/gopinath
Desktop  Documents  Downloads  Linux_command  Music  Pictures  Public  Templates  Unix_Command  Videos
gopinath@gopinath:~$ ls -R
.:
Desktop  Documents  Downloads  Linux_command  Music  Pictures  Public  Templates  Unix_Command  Videos

./Desktop:

./Documents:

./Downloads:

./Linux_command:

./Music:

./Pictures:

./Public:

./Templates:

./Unix_Command:

./Videos:

gopinath@gopinath:~$ ls -a
.   .bash_logout  .cache   Desktop    Downloads  Linux_command  .mozilla  Pictures  Public  .sudo_as_admin_successful  Unix_Command
..  .bashrc       .config  Documents  .gnupg     .local         Music     .profile  .ssh    Templates                  Videos



gopinath@gopinath:~$ ls -lh
total 40K
drwxr-xr-x 2 gopinath gopinath 4.0K سبت  3 15:44 Desktop
drwxr-xr-x 2 gopinath gopinath 4.0K سبت  3 15:44 Documents
drwxr-xr-x 2 gopinath gopinath 4.0K سبت  3 15:44 Downloads
drwxrwxr-x 2 gopinath gopinath 4.0K سبت  3 16:01 Linux_command
drwxr-xr-x 2 gopinath gopinath 4.0K سبت  3 15:44 Music
drwxr-xr-x 2 gopinath gopinath 4.0K سبت  3 15:44 Pictures
drwxr-xr-x 2 gopinath gopinath 4.0K سبت  3 15:44 Public
drwxr-xr-x 2 gopinath gopinath 4.0K سبت  3 15:44 Templates
drwxrwxr-x 2 gopinath gopinath 4.0K سبت  3 16:03 Unix_Command
drwxr-xr-x 2 gopinath gopinath 4.0K سبت  3 15:44 Videos


5)cat command

gopinath@gopinath:~$ vim  sqlite_commands.sh
gopinath@gopinath:~$ cat sqlite_commands.sh
!#/bin/bash


echo "project1"

gopinath@gopinath:~$ vim  sqlite_commands.sh

gopinath@gopinath:~$ cat sqlite_commands.sh
#!/bin/bash

echo "project1"

gopinath@gopinath:~$ vim project_a.txt
gopinath@gopinath:~$ vim project_b.txt

gopinath@gopinath:~$ cat project_a.txt
#!/bin/bash

Projec a details

Text file one

gopinath@gopinath:~$ cat project_b.txt
#!/bin/bash

Project b

Test project b

gopinath@gopinath:~$ cat project_a.txt project_b.txt > project_c.txt

gopinath@gopinath:~$ cat project_c.txt
#!/bin/bash

Projec a details

Text file one
#!/bin/bash

Project b

Test project b

6) cp command'


gopinath@gopinath:~$ cp sqlite_commands.sh /home/gopinath/Unix_Command/
gopinath@gopinath:~$ cd Unix_Command/
gopinath@gopinath:~/Unix_Command$ ls
sqlite_commands.sh
gopinath@gopinath:~/Unix_Command$ 

gopinath@gopinath:~$ cp project_a.txt project_b.txt project_c.txt /home/gopinath/Documents/
gopinath@gopinath:~$ cd Documents/
gopinath@gopinath:~/Documents$ ls
project_a.txt  project_b.txt  project_c.txt
gopinath@gopinath:~/Documents$ 
gopinath@gopinath:~/Documents$ cp project_a.txt project_b.txt
gopinath@gopinath:~/Documents$ cp -R /home/gopinath/Do
Documents/ Downloads/ 
gopinath@gopinath:~/Documents$ cp -R /home/gopinath/Documents/ /home/gopinath/Document_Backup
gopinath@gopinath:~/Documents$ ls
project_a.txt  project_b.txt  project_c.txt
gopinath@gopinath:~/Documents$ cd
gopinath@gopinath:~$ ls
Desktop  Document_Backup  Documents  Downloads  Linux_command  Music  Pictures  project_a  project_a.txt  project_b.txt  project_c.txt  Public  sqlite_commands.sh  Templates  Unix_Command  Videos

gopinath@gopinath:~$ ls
Desktop  Document_Backup  Documents  Downloads  Linux_command  Music  Pictures  project_a  project_a.txt  project_b.txt  project_c.txt  Public  sqlite_commands.sh  Templates  Unix_Command  Videos
gopinath@gopinath:~$ cd Document_Backup/
gopinath@gopinath:~/Document_Backup$ ls
project_a.txt  project_b.txt  project_c.txt

7)mv command

gopinath@gopinath:~$ mv sqlite_commands.sh /home/gopinath/Linux_command/
gopinath@gopinath:~$ ls
Desktop  Document_Backup  Documents  Downloads  Linux_command  Music  Pictures  project_a  project_a.txt  project_b.txt  project_c.txt  Public  Templates  Unix_Command  Videos
gopinath@gopinath:~$ cd Linux_command/
gopinath@gopinath:~/Linux_command$ ls
sqlite_commands.sh
gopinath@gopinath:~/Linux_command$ 



gopinath@gopinath:~/Linux_command$ ls
sqlite_commands.sh
gopinath@gopinath:~/Linux_command$ mv sqlite_commands.sh sql.sh
gopinath@gopinath:~/Linux_command$ ls
sql.sh
gopinath@gopinath:~/Linux_command$ cat sql.sh
#!/bin/bash

echo "project1"

8)mkdir


gopinath@gopinath:~$ ls
Desktop  Document_Backup  Documents  Downloads  Linux_command  Music  Pictures  project_a  project_a.txt  project_b.txt  project_c.txt  Public  Templates  Unix_Command  Videos
gopinath@gopinath:~$ mkdir hit_music
gopinath@gopinath:~$ ls
Desktop  Document_Backup  Documents  Downloads  hit_music  Linux_command  Music  Pictures  project_a  project_a.txt  project_b.txt  project_c.txt  Public  Templates  Unix_Command  Videos

gopinath@gopinath:~$ mkdir /hit_music/songs
mkdir: cannot create directory ‘/hit_music/songs’: No such file or directory
gopinath@gopinath:~$ mkdir /home/gopinath/hit_music/songs
gopinath@gopinath:~$ cd hit_music/
gopinath@gopinath:~/hit_music$ ls
songs

9)rmdir

gopinath@gopinath:~$ rmdir-p hit_music/songs/
rmdir-p: command not found
gopinath@gopinath:~$ rmdir -p hit_music/songs/
gopinath@gopinath:~$ ls
Desktop  Document_Backup  Documents  Downloads  Linux_command  Music  Pictures  project_a  project_a.txt  project_b.txt  project_c.txt  Public  Templates  Unix_Command  Videos
10)rm

Desktop  Document_Backup  Documents  Downloads  Linux_command  Music  Pictures  project_a  project_a.txt  project_b.txt  project_c.txt  Public  Templates  Unix_Command  Videos
gopinath@gopinath:~$ rm project_a.txt project_b.txt project_c.txt
gopinath@gopinath:~$ ls
Desktop  Document_Backup  Documents  Downloads  Linux_command  Music  Pictures  project_a  Public  Templates  Unix_Command  Videos

11) Touch Command

gopinath@gopinath:~$ touch sqlite_command.sh
gopinath@gopinath:~$ ls
Desktop  Document_Backup  Documents  Downloads  Linux_command  Music  Pictures  project_a  Public  sqlite_command.sh  Templates  Unix_Command  Videos

12) Locate -i
gopinath@gopinath:~$ locate -i school*note

13)Find Command

gopinath@gopinath:~$ find /home -name sqlite_command.sh 
/home/gopinath/sqlite_command.sh

14) grep command

gopinath@gopinath:~$ grep sqlite_command.sh 

15) df command


gopinath@gopinath:~$ df -h
Filesystem      Size  Used Avail Use% Mounted on
udev            944M     0  944M   0% /dev
tmpfs           197M  1.4M  196M   1% /run
/dev/sda5        24G  9.2G   14G  41% /
tmpfs           983M     0  983M   0% /dev/shm
tmpfs           5.0M  4.0K  5.0M   1% /run/lock
tmpfs           983M     0  983M   0% /sys/fs/cgroup
/dev/loop0      347M  347M     0 100% /snap/gnome-3-38-2004/115
/dev/loop1      128K  128K     0 100% /snap/bare/5
/dev/loop2       62M   62M     0 100% /snap/core20/1611
/dev/loop3       92M   92M     0 100% /snap/gtk-common-themes/1535
/dev/loop4       55M   55M     0 100% /snap/snap-store/558
/dev/loop5       47M   47M     0 100% /snap/snapd/16292
/dev/sda1       511M  4.0K  511M   1% /boot/efi
tmpfs           197M   24K  197M   1% /run/user/1000
/dev/loop6       74M   74M     0 100% /snap/core22/864
/dev/loop7      350M  350M     0 100% /snap/gnome-3-38-2004/143
/dev/loop8       13M   13M     0 100% /snap/snap-store/959
gopinath@gopinath:~$ 


16) du command


gopinath@gopinath:~$ du /home/gopinath/Unix_Command/
8	/home/gopinath/Unix_Command/

17) Head Command

gopinath@gopinath:~$ head Sql.yml 
---
 doe: "a deer, a female deer"
 ray: "a drop of golden sun"
 pi: 3.14159
 xmas: true
 french-hens: 3
 calling-birds:
   - huey
   - dewey
   - louie

18) tail command

gopinath@gopinath:~$ tail Sql.yml 
   - louie
   - fred
 xmas-fifth-day:
   calling-birds: four
   french-hens: 3
   golden-rings: 5
   partridges:
     count: 1
     location: "a pear tree"
   turtle-doves: two

19)diff command
gopinath@gopinath:~$ diff Sql.yml Postgras.yml 
4c4
<  pi: 3.14159
---
>  pi: 4.14159
17c17
<      count: 1
---
>      count: 2
gopinath@gopinath:~$ cat Sql.yml 
---
 doe: "a deer, a female deer"
 ray: "a drop of golden sun"
 pi: 3.14159
 xmas: true
 french-hens: 3
 calling-birds:
   - huey
   - dewey
   - louie
   - fred
 xmas-fifth-day:
   calling-birds: four
   french-hens: 3
   golden-rings: 5
   partridges:
     count: 1
     location: "a pear tree"
   turtle-doves: two
gopinath@gopinath:~$ cat Postgras.yml 
---
 doe: "a deer, a female deer"
 ray: "a drop of golden sun"
 pi: 4.14159
 xmas: true
 french-hens: 3
 calling-birds:
   - huey
   - dewey
   - louie
   - fred
 xmas-fifth-day:
   calling-birds: four
   french-hens: 3
   golden-rings: 5
   partridges:
     count: 2
     location: "a pear tree"
   turtle-doves: two

tar command


gopinath@gopinath:~$ tar -cvf project1.tar /home/gopinath/
tar: Removing leading `/' from member names
/home/gopinath/
/home/gopinath/Unix_Command/
/home/gopinath/Unix_Command/sqlite_commands.sh
/home/gopinath/Downloads/
/home/gopinath/.profile
/home/gopinath/Document_Backup/
/home/gopinath/Document_Backup/project_a.txt
/home/gopinath/Document_Backup/project_c.txt
/home/gopinath/Document_Backup/project_b.txt
/home/gopinath/.local/
/home/gopinath/.local/share/
/home/gopinath/.local/share/gnome-settings-daemon/
/home/gopinath/.local/share/gnome-settings-daemon/input-sources-converted
/home/gopinath/.local/share/gvfs-metadata/
/home/gopinath/.local/share/gvfs-metadata/trash:
......
....
...
.

/home/gopinath/.bash_logout
/home/gopinath/Linux_command/
/home/gopinath/Linux_command/sql.sh
/home/gopinath/.sudo_as_admin_successful
/home/gopinath/Public/
tar: /home/gopinath/project1.tar: file is the archive; not dumped
/home/gopinath/Templates/
gopinath@gopinath:~$ ls
Desktop          Downloads      Pictures      project_a          Sql.yml       Videos
Document_Backup  Linux_command  Postgras.yml  Public             Templates
Documents        Music          project1.tar  sqlite_command.sh  Unix_Command


21)chmod

gopinath@gopinath:~$ ls -ltr
total 126788
drwxr-xr-x 2 gopinath gopinath      4096 سبت  3 15:44 Videos
drwxr-xr-x 2 gopinath gopinath      4096 سبت  3 15:44 Templates
drwxr-xr-x 2 gopinath gopinath      4096 سبت  3 15:44 Public
drwxr-xr-x 2 gopinath gopinath      4096 سبت  3 15:44 Pictures
drwxr-xr-x 2 gopinath gopinath      4096 سبت  3 15:44 Music
drwxr-xr-x 2 gopinath gopinath      4096 سبت  3 15:44 Downloads
drwxr-xr-x 2 gopinath gopinath      4096 سبت  3 15:44 Desktop
-rw-rw-r-- 1 gopinath gopinath        29 سبت  3 16:29 project_a
drwxrwxr-x 2 gopinath gopinath      4096 سبت  3 16:40 Unix_Command
drwxr-xr-x 2 gopinath gopinath      4096 سبت  3 16:43 Documents
drwxr-xr-x 2 gopinath gopinath      4096 سبت  3 16:46 Document_Backup
drwxrwxr-x 2 gopinath gopinath      4096 سبت  3 16:51 Linux_command
-rw-rw-r-- 1 gopinath gopinath         0 سبت  3 17:11 sqlite_command.sh
-rw-rw-r-- 1 gopinath gopinath       318 سبت  3 17:43 Sql.yml
-rw-rw-r-- 1 gopinath gopinath       318 سبت  3 18:09 Postgras.yml
-rw-rw-r-- 1 gopinath gopinath 129771520 سبت  3 18:12 project1.tar
gopinath@gopinath:~$ chmod 777 Sql.yml Postgras.yml 
gopinath@gopinath:~$ ls -ltr
total 126788
drwxr-xr-x 2 gopinath gopinath      4096 سبت  3 15:44 Videos
drwxr-xr-x 2 gopinath gopinath      4096 سبت  3 15:44 Templates
drwxr-xr-x 2 gopinath gopinath      4096 سبت  3 15:44 Public
drwxr-xr-x 2 gopinath gopinath      4096 سبت  3 15:44 Pictures
drwxr-xr-x 2 gopinath gopinath      4096 سبت  3 15:44 Music
drwxr-xr-x 2 gopinath gopinath      4096 سبت  3 15:44 Downloads
drwxr-xr-x 2 gopinath gopinath      4096 سبت  3 15:44 Desktop
-rw-rw-r-- 1 gopinath gopinath        29 سبت  3 16:29 project_a
drwxrwxr-x 2 gopinath gopinath      4096 سبت  3 16:40 Unix_Command
drwxr-xr-x 2 gopinath gopinath      4096 سبت  3 16:43 Documents
drwxr-xr-x 2 gopinath gopinath      4096 سبت  3 16:46 Document_Backup
drwxrwxr-x 2 gopinath gopinath      4096 سبت  3 16:51 Linux_command
-rw-rw-r-- 1 gopinath gopinath         0 سبت  3 17:11 sqlite_command.sh
-rwxrwxrwx 1 gopinath gopinath       318 سبت  3 17:43 Sql.yml
-rwxrwxrwx 1 gopinath gopinath       318 سبت  3 18:09 Postgras.yml
-rw-rw-r-- 1 gopinath gopinath 129771520 سبت  3 18:12 project1.tar


22)


















































































5)


